
> google-stripe-client@0.1.0 test
> jest

PASS src/features/Payments/pages/PurchasePage.test.tsx
PASS src/features/AccountPage/components/Membership/MembershipSection.test.tsx
PASS src/components/layout/__tests__/Navbar.test.tsx
PASS src/features/Auth/components/google/__tests__/GoogleLinkingFlow.test.tsx
PASS src/features/AccountPage/components/Membership/__tests__/MembershipSection.integration.test.tsx
PASS src/features/Auth/components/google/__tests__/AccountLinkingHandler.test.tsx
PASS src/lib/user/hooks/__tests__/useUserQuery.test.tsx
PASS src/features/Auth/hooks/__tests__/useAuthSubmit.test.tsx
PASS src/components/layout/__tests__/LoginModal.test.tsx
PASS src/components/layout/__tests__/LoginModalRenderer.test.tsx
PASS src/features/Auth/components/google/__tests__/GoogleSignInButton.test.tsx
PASS src/lib/user/hooks/__tests__/useAuth.test.tsx
PASS src/features/Payments/components/__tests__/MembershipGuard.test.tsx
PASS src/features/Auth/components/google/__tests__/GoogleAccountLinking.test.tsx
PASS src/features/Auth/pages/__tests__/AuthPage.test.tsx
PASS src/features/Payments/__tests__/errorHandling.test.ts
PASS src/features/AccountPage/hooks/__tests__/useEmailChangeMutations.test.tsx
PASS src/features/AccountPage/hooks/__tests__/usePasswordChangeMutations.test.tsx
PASS src/features/AccountPage/hooks/__tests__/useAccountMutations.test.tsx
FAIL src/features/Auth/hooks/__tests__/usePasswordReset.test.tsx (6.914 s)
  ● Password Reset Hooks › usePasswordResetRequest › should request password reset with valid email

    expect(received).toBe(expected) // Object.is equality

    Expected: true
    Received: false

    Ignored nodes: comments, script, style
    [36m<html>[39m
      [36m<head />[39m
      [36m<body>[39m
        [36m<div />[39m
      [36m</body>[39m
    [36m</html>[39m

      48 |
      49 |       await waitFor(() => {
    > 50 |         expect(result.current.isSuccess).toBe(true);
         |                                          ^
      51 |       });
      52 |
      53 |       expect(mockPost).toHaveBeenCalledWith(

      at toBe (src/features/Auth/hooks/__tests__/usePasswordReset.test.tsx:50:42)
      at runWithExpensiveErrorDiagnosticsDisabled (node_modules/@testing-library/dom/dist/config.js:47:12)
      at checkCallback (node_modules/@testing-library/dom/dist/wait-for.js:124:77)
      at checkRealTimersCallback (node_modules/@testing-library/dom/dist/wait-for.js:118:16)
      at Timeout.task [as _onTimeout] (node_modules/jsdom/lib/jsdom/browser/Window.js:579:19)

  ● Password Reset Hooks › usePasswordResetRequest › should handle error when reset request fails

    expect(received).toBe(expected) // Object.is equality

    Expected: "Email not found"
    Received: "Cannot read properties of undefined (reading 'success')"

      71 |       });
      72 |
    > 73 |       expect(result.current.error?.message).toBe('Email not found');
         |                                             ^
      74 |     });
      75 |
      76 |     it('should handle server error response', async () => {

      at Object.toBe (src/features/Auth/hooks/__tests__/usePasswordReset.test.tsx:73:45)

  ● Password Reset Hooks › usePasswordResetRequest › should handle server error response

    expect(received).toBe(expected) // Object.is equality

    Expected: "Server error: unable to send reset email"
    Received: "Cannot read properties of undefined (reading 'success')"

      88 |       });
      89 |
    > 90 |       expect(result.current.error?.message).toBe(
         |                                             ^
      91 |         'Server error: unable to send reset email'
      92 |       );
      93 |     });

      at Object.toBe (src/features/Auth/hooks/__tests__/usePasswordReset.test.tsx:90:45)

  ● Password Reset Hooks › usePasswordResetRequest › should provide expiration time in response

    expect(received).toBe(expected) // Object.is equality

    Expected: true
    Received: false

    Ignored nodes: comments, script, style
    [36m<html>[39m
      [36m<head />[39m
      [36m<body>[39m
        [36m<div />[39m
      [36m</body>[39m
    [36m</html>[39m

      106 |
      107 |       await waitFor(() => {
    > 108 |         expect(result.current.isSuccess).toBe(true);
          |                                          ^
      109 |       });
      110 |
      111 |       expect(result.current.data?.expiresIn).toBe('30 minutes');

      at toBe (src/features/Auth/hooks/__tests__/usePasswordReset.test.tsx:108:42)
      at runWithExpensiveErrorDiagnosticsDisabled (node_modules/@testing-library/dom/dist/config.js:47:12)
      at checkCallback (node_modules/@testing-library/dom/dist/wait-for.js:124:77)
      at checkRealTimersCallback (node_modules/@testing-library/dom/dist/wait-for.js:118:16)
      at Timeout.task [as _onTimeout] (node_modules/jsdom/lib/jsdom/browser/Window.js:579:19)

  ● Password Reset Hooks › usePasswordResetVerify › should verify reset code with email and code

    expect(received).toEqual(expected) // deep equality

    - Expected  - 1
    + Received  + 2

      Object {
    -   "message": "Code verified successfully",
    +   "expiresIn": "15 minutes",
    +   "message": "Password reset code sent to your email",
        "success": true,
      }

      133 |         { email: 'test@example.com', code: '123456' }
      134 |       );
    > 135 |       expect(result.current.data).toEqual(mockResponse);
          |                                   ^
      136 |     });
      137 |
      138 |     it('should reject invalid code', async () => {

      at Object.toEqual (src/features/Auth/hooks/__tests__/usePasswordReset.test.tsx:135:35)

  ● Password Reset Hooks › usePasswordResetVerify › should reject invalid code

    expect(received).toBe(expected) // Object.is equality

    Expected: "Invalid or expired code"
    Received: "Email not found"

      151 |       });
      152 |
    > 153 |       expect(result.current.error?.message).toBe('Invalid or expired code');
          |                                             ^
      154 |     });
      155 |
      156 |     it('should reject expired code', async () => {

      at Object.toBe (src/features/Auth/hooks/__tests__/usePasswordReset.test.tsx:153:45)

  ● Password Reset Hooks › usePasswordResetVerify › should reject expired code

    expect(received).toBe(expected) // Object.is equality

    Expected: "CODE_EXPIRED"
    Received: undefined

      170 |
      171 |       expect(result.current.error).toBeInstanceOf(VerifyCodeError);
    > 172 |       expect((result.current.error as VerifyCodeError).errorCode).toBe(
          |                                                                   ^
      173 |         'CODE_EXPIRED'
      174 |       );
      175 |     });

      at Object.toBe (src/features/Auth/hooks/__tests__/usePasswordReset.test.tsx:172:67)

  ● Password Reset Hooks › usePasswordResetVerify › should handle network errors during verification

    expect(received).toBe(expected) // Object.is equality

    Expected: true
    Received: false

    Ignored nodes: comments, script, style
    [36m<html>[39m
      [36m<head />[39m
      [36m<body>[39m
        [36m<div />[39m
      [36m</body>[39m
    [36m</html>[39m

      185 |
      186 |       await waitFor(() => {
    > 187 |         expect(result.current.isError).toBe(true);
          |                                        ^
      188 |       });
      189 |
      190 |       expect(result.current.error?.message).toContain('Network');

      at toBe (src/features/Auth/hooks/__tests__/usePasswordReset.test.tsx:187:40)
      at runWithExpensiveErrorDiagnosticsDisabled (node_modules/@testing-library/dom/dist/config.js:47:12)
      at checkCallback (node_modules/@testing-library/dom/dist/wait-for.js:124:77)
      at checkRealTimersCallback (node_modules/@testing-library/dom/dist/wait-for.js:118:16)
      at Timeout.task [as _onTimeout] (node_modules/jsdom/lib/jsdom/browser/Window.js:579:19)

  ● Password Reset Hooks › usePasswordResetVerify › should include error code in VerifyCodeError

    expect(received).toBe(expected) // Object.is equality

    Expected: true
    Received: false

    Ignored nodes: comments, script, style
    [36m<html>[39m
      [36m<head />[39m
      [36m<body>[39m
        [36m<div />[39m
      [36m</body>[39m
    [36m</html>[39m

      203 |
      204 |       await waitFor(() => {
    > 205 |         expect(result.current.isError).toBe(true);
          |                                        ^
      206 |       });
      207 |
      208 |       expect(result.current.error).toBeInstanceOf(VerifyCodeError);

      at toBe (src/features/Auth/hooks/__tests__/usePasswordReset.test.tsx:205:40)
      at runWithExpensiveErrorDiagnosticsDisabled (node_modules/@testing-library/dom/dist/config.js:47:12)
      at checkCallback (node_modules/@testing-library/dom/dist/wait-for.js:124:77)
      at checkRealTimersCallback (node_modules/@testing-library/dom/dist/wait-for.js:118:16)
      at Timeout.task [as _onTimeout] (node_modules/jsdom/lib/jsdom/browser/Window.js:579:19)

  ● Password Reset Hooks › Password Reset Flow Integration › should complete full reset flow: request -> verify

    expect(received).toBe(expected) // Object.is equality

    Expected: true
    Received: false

    Ignored nodes: comments, script, style
    [36m<html>[39m
      [36m<head />[39m
      [36m<body>[39m
        [36m<div />[39m
      [36m</body>[39m
    [36m</html>[39m

      230 |
      231 |       await waitFor(() => {
    > 232 |         expect(requestResult.current.isSuccess).toBe(true);
          |                                                 ^
      233 |       });
      234 |
      235 |       // Step 2: Verify code

      at toBe (src/features/Auth/hooks/__tests__/usePasswordReset.test.tsx:232:49)
      at runWithExpensiveErrorDiagnosticsDisabled (node_modules/@testing-library/dom/dist/config.js:47:12)
      at checkCallback (node_modules/@testing-library/dom/dist/wait-for.js:124:77)
      at checkRealTimersCallback (node_modules/@testing-library/dom/dist/wait-for.js:118:16)
      at Timeout.task [as _onTimeout] (node_modules/jsdom/lib/jsdom/browser/Window.js:579:19)

  ● Password Reset Hooks › Password Reset Flow Integration › should handle error in middle of flow

    expect(received).toBe(expected) // Object.is equality

    Expected: true
    Received: false

    Ignored nodes: comments, script, style
    [36m<html>[39m
      [36m<head />[39m
      [36m<body>[39m
        [36m<div />[39m
      [36m</body>[39m
    [36m</html>[39m

      272 |
      273 |       await waitFor(() => {
    > 274 |         expect(requestResult.current.isSuccess).toBe(true);
          |                                                 ^
      275 |       });
      276 |
      277 |       // Step 2: Verify fails

      at toBe (src/features/Auth/hooks/__tests__/usePasswordReset.test.tsx:274:49)
      at runWithExpensiveErrorDiagnosticsDisabled (node_modules/@testing-library/dom/dist/config.js:47:12)
      at checkCallback (node_modules/@testing-library/dom/dist/wait-for.js:124:77)
      at checkRealTimersCallback (node_modules/@testing-library/dom/dist/wait-for.js:118:16)
      at Timeout.task [as _onTimeout] (node_modules/jsdom/lib/jsdom/browser/Window.js:579:19)

Test Suites: 1 failed, 19 passed, 20 total
Tests:       11 failed, 395 passed, 406 total
Snapshots:   0 total
Time:        7.719 s
Ran all test suites.
